new:146:14:void* operator new(std::size_t, void*)	16	static
gthr-default.h:229:1:int __gthread_key_delete(__gthread_key_t)	16	static
PAW_Vector.h:18:14:float min(float, float)	16	static
PAW_Vector.h:34:7:float relative_error_float(float, float, float)	32	static
PAW_Vector.h:88:7:float my_random()	8	static
PAW_Vector.h:116:1:exception::exception(exception::exception_type, const char*)	24	static
PAW_Vector.h:122:1:exception::exception(exception::exception_type, const char*, char)	24	static
PAW_Vector.h:170:2:PAW_Vector::PAW_Vector()	24	static
PAW_Vector.h:177:2:PAW_Vector::PAW_Vector(float, float, float, float)	32	static
PAW_Vector.h:186:2:PAW_Vector::PAW_Vector(const PAW_Vector&)	24	static
PAW_Vector.h:193:2:PAW_Vector::~PAW_Vector()	16	static
PAW_Vector.h:209:9:float& PAW_Vector::operator[](char)	16	static
PAW_Vector.h:228:8:float PAW_Vector::operator[](char) const	16	static
PAW_Vector.h:270:13:PAW_Vector PAW_Vector::operator+(const PAW_Vector&) const	40	static
PAW_Vector.h:276:13:PAW_Vector PAW_Vector::operator-(const PAW_Vector&) const	40	static
PAW_Vector.h:288:13:PAW_Vector PAW_Vector::operator*(float) const	40	static
PAW_Vector.h:316:14:PAW_Vector& PAW_Vector::operator=(PAW_Vector&&)	16	static
PAW_Vector.h:325:14:PAW_Vector& PAW_Vector::operator+=(const PAW_Vector&)	40	static
PAW_Vector.h:334:14:PAW_Vector& PAW_Vector::operator-=(const PAW_Vector&)	40	static
PAW_Vector.h:408:12:PAW_Vector operator*(float, const PAW_Vector&)	24	static
PAW_Matrix.h:116:2:PAW_Matrix::PAW_Matrix()	24	static
PAW_Matrix.h:123:2:PAW_Matrix::PAW_Matrix(float, float, float, float, float, float, float, float, float, float, float, float, float, float, float, float)	80	static
PAW_Matrix.h:157:2:PAW_Matrix::~PAW_Matrix()	16	static
PAW_Matrix.h:168:20:static PAW_Matrix PAW_Matrix::unit()	16	static
PAW_Matrix.h:205:18:PAW_Matrix::accessor<float> PAW_Matrix::operator[](char)	24	static
PAW_Matrix.h:213:24:PAW_Matrix::accessor<const float> PAW_Matrix::operator[](char) const	24	static
PAW_Matrix.h:252:13:PAW_Matrix PAW_Matrix::operator*(float) const	80	static
PAW_Matrix.h:274:13:PAW_Vector PAW_Matrix::operator*(const PAW_Vector&) const	72	static
PAW_Matrix.h:316:14:PAW_Matrix& PAW_Matrix::operator=(PAW_Matrix&&)	16	static
PAW_Matrix.h:408:13:PAW_Matrix PAW_Matrix::make_rotation(char, char, float)	72	static
PAW_Matrix.h:439:12:PAW_Matrix operator*(float, const PAW_Matrix&)	24	static
PAW_Color.h:14:2:PAW_Color::PAW_Color(uint8_t, uint8_t, uint8_t, uint8_t)	24	static
PAW_Primitive.h:4:6:void swap(float&, float&)	24	static
PAW_Primitive.h:11:5:int integral_part(float)	24	static
PAW_Primitive.h:16:7:float fraction_part(float)	24	static
PAW_Primitive.h:21:7:float round(float)	16	static
PAW_Primitive.h:33:15:virtual void PAW_Primitive::set_color(PAW_Color)	24	static
PAW_Primitive.h:37:2:PAW_Primitive::PAW_Primitive(bool, PAW_Color)	24	static
PAW_Primitive.h:38:10:PAW_Primitive::~PAW_Primitive()	16	static
PAW_Primitive.h:38:10:virtual PAW_Primitive::~PAW_Primitive()	16	static
PAW_Primitive.h:80:19:virtual uint32_t PAW_Line::send_to_ram(uint16_t, uint16_t)	16	static
PAW_Primitive.h:82:2:PAW_Line::PAW_Line(PAW_Vector, PAW_Vector, PAW_Color)	40	static
PAW_Primitive.h:89:16:virtual void PAW_Line::show(PAW_Color&)	72	static
PAW_Primitive.h:172:15:virtual void PAW_Line::rotate(PAW_Vector, int16_t)	56	static
PAW_Primitive.h:185:15:virtual void PAW_Line::translate(PAW_Vector)	16	static
PAW_Primitive.h:191:2:PAW_Line::~PAW_Line()	16	static
PAW_Primitive.h:191:2:virtual PAW_Line::~PAW_Line()	16	static
PAW_Primitive.h:197:2:PAW_Circle::PAW_Circle(PAW_Vector, float, bool, PAW_Color)	24	static
PAW_Primitive.h:203:19:virtual uint32_t PAW_Circle::send_to_ram(uint16_t, uint16_t)	16	static
PAW_Primitive.h:208:15:virtual void PAW_Circle::show(PAW_Color&)	136	static
PAW_Primitive.h:238:15:virtual void PAW_Circle::rotate(PAW_Vector, int16_t)	56	static
PAW_Primitive.h:247:15:virtual void PAW_Circle::translate(PAW_Vector)	16	static
PAW_Primitive.h:252:2:PAW_Circle::~PAW_Circle()	16	static
PAW_Primitive.h:252:2:virtual PAW_Circle::~PAW_Circle()	16	static
PAW_Figure.h:11:2:PAW_Figure::PAW_Figure()	16	static
PAW_Figure.h:19:7:void PAW_Figure::push(PAW_Line)	64	static
PAW_Figure.h:24:7:void PAW_Figure::push(PAW_Circle)	56	static
PAW_Figure.h:34:7:void PAW_Figure::show(PAW_Color&)	24	static
PAW_Figure.h:50:7:void PAW_Figure::rotate(PAW_Vector, int16_t)	40	static
PAW_Scene.h:8:6:void display_background(PAW_Color)	24	static
PAW_Scene.h:30:2:PAW_Scene::PAW_Scene(PAW_Color)	24	static
PAW_Scene.h:40:7:void PAW_Scene::display()	24	static
PAW_Scene.h:49:7:void PAW_Scene::push(PAW_Figure)	16	static
main.cpp:102:6:void led_sdram_reset()	8	static
main.cpp:117:6:void led_sdram_ready()	8	static
main.cpp:136:6:void led_sdram_busy()	8	static
main.cpp:153:6:void led_sdram_error()	8	static
main.cpp:168:6:void led_sdram_write_proteced()	8	static
main.cpp:178:6:void led_sdram_precharged()	8	static
main.cpp:197:6:void led_sdram_check()	8	static
PAW_Primitive.h:26:7:constexpr PAW_Primitive::PAW_Primitive(const PAW_Primitive&)	16	static
PAW_Primitive.h:75:7:PAW_Line::PAW_Line(const PAW_Line&)	16	static
main.cpp:210:6:void PAW_MakeStarFromFigure(PAW_Figure&, PAW_Vector, float, PAW_Color)	232	static
PAW_Primitive.h:194:7:PAW_Circle::PAW_Circle(const PAW_Circle&)	16	static
main.cpp:223:6:void PAW_MakeDonutFromFigure(PAW_Figure&, PAW_Vector, float, float, PAW_Color)	144	static
main.cpp:231:6:void PAW_MakeFeatherFromFigure(PAW_Figure&)	624	static
PAW_Figure.h:6:7:PAW_Figure::~PAW_Figure()	16	static
PAW_Figure.h:6:7:PAW_Figure::PAW_Figure(const PAW_Figure&)	16	static
main.cpp:356:5:int main()	496	static
main.cpp:475:6:void SystemClock_Config()	136	static
main.cpp:546:13:void MX_DMA2D_Init()	8	static
main.cpp:570:13:void MX_I2C3_Init()	8	static
main.cpp:590:13:void MX_LTDC_Init()	112	static
main.cpp:660:13:void MX_SPI5_Init()	8	static
main.cpp:682:13:void MX_FMC_Init()	40	static
main.cpp:727:13:void MX_GPIO_Init()	64	static
main.cpp:831:6:void Error_Handler()	4	static
PAW_Matrix.h:36:18:PAW_Matrix::accessor<cm_float>::cm_float_ref_t PAW_Matrix::accessor<cm_float>::operator[](char) const [with cm_float = float]	24	static
PAW_Matrix.h:36:18:PAW_Matrix::accessor<cm_float>::cm_float_ref_t PAW_Matrix::accessor<cm_float>::operator[](char) const [with cm_float = const float]	24	static
stl_vector.h:255:7:std::vector<_Tp, _Alloc>::vector() [with _Tp = PAW_Primitive*; _Alloc = std::allocator<PAW_Primitive*>]	16	static
stl_vector.h:425:7:std::vector<_Tp, _Alloc>::~vector() [with _Tp = PAW_Primitive*; _Alloc = std::allocator<PAW_Primitive*>]	24	static
stl_vector.h:655:7:std::vector<_Tp, _Alloc>::size_type std::vector<_Tp, _Alloc>::size() const [with _Tp = PAW_Primitive*; _Alloc = std::allocator<PAW_Primitive*>]	16	static
stl_vector.h:780:7:std::vector<_Tp, _Alloc>::reference std::vector<_Tp, _Alloc>::operator[](std::vector<_Tp, _Alloc>::size_type) [with _Tp = PAW_Primitive*; _Alloc = std::allocator<PAW_Primitive*>]	16	static
move.h:101:5:constexpr typename std::remove_reference< <template-parameter-1-1> >::type&& std::move(_Tp&&) [with _Tp = PAW_Primitive*&]	16	static
stl_vector.h:932:7:void std::vector<_Tp, _Alloc>::push_back(std::vector<_Tp, _Alloc>::value_type&&) [with _Tp = PAW_Primitive*; _Alloc = std::allocator<PAW_Primitive*>]	16	static
stl_vector.h:255:7:std::vector<_Tp, _Alloc>::vector() [with _Tp = PAW_Figure; _Alloc = std::allocator<PAW_Figure>]	16	static
stl_vector.h:1209:7:void std::vector<_Tp, _Alloc>::clear() [with _Tp = PAW_Figure; _Alloc = std::allocator<PAW_Figure>]	16	static
stl_vector.h:655:7:std::vector<_Tp, _Alloc>::size_type std::vector<_Tp, _Alloc>::size() const [with _Tp = PAW_Figure; _Alloc = std::allocator<PAW_Figure>]	16	static
stl_vector.h:780:7:std::vector<_Tp, _Alloc>::reference std::vector<_Tp, _Alloc>::operator[](std::vector<_Tp, _Alloc>::size_type) [with _Tp = PAW_Figure; _Alloc = std::allocator<PAW_Figure>]	16	static
stl_vector.h:914:7:void std::vector<_Tp, _Alloc>::push_back(const value_type&) [with _Tp = PAW_Figure; _Alloc = std::allocator<PAW_Figure>]	16	static
stl_vector.h:320:7:std::vector<_Tp, _Alloc>::vector(const std::vector<_Tp, _Alloc>&) [with _Tp = PAW_Primitive*; _Alloc = std::allocator<PAW_Primitive*>]	40	static
stl_vector.h:79:14:std::_Vector_base<PAW_Primitive*, std::allocator<PAW_Primitive*> >::_Vector_impl::~_Vector_impl()	16	static
stl_vector.h:124:7:std::_Vector_base<_Tp, _Alloc>::_Vector_base() [with _Tp = PAW_Primitive*; _Alloc = std::allocator<PAW_Primitive*>]	16	static
stl_vector.h:159:7:std::_Vector_base<_Tp, _Alloc>::~_Vector_base() [with _Tp = PAW_Primitive*; _Alloc = std::allocator<PAW_Primitive*>]	16	static
stl_vector.h:113:7:std::_Vector_base<_Tp, _Alloc>::_Tp_alloc_type& std::_Vector_base<_Tp, _Alloc>::_M_get_Tp_allocator() [with _Tp = PAW_Primitive*; _Alloc = std::allocator<PAW_Primitive*>]	16	static
stl_construct.h:148:5:void std::_Destroy(_ForwardIterator, _ForwardIterator, std::allocator<_T2>&) [with _ForwardIterator = PAW_Primitive**; _Tp = PAW_Primitive*]	24	static
move.h:76:5:constexpr _Tp&& std::forward(typename std::remove_reference<_From>::type&) [with _Tp = PAW_Primitive*]	16	static
vector.tcc:91:7:) [with _Args = {PAW_Primitive*}; _Tp = PAW_Primitive*; _Alloc = std::allocator<PAW_Primitive*>]	24	static
stl_vector.h:124:7:std::_Vector_base<_Tp, _Alloc>::_Vector_base() [with _Tp = PAW_Figure; _Alloc = std::allocator<PAW_Figure>]	16	static
stl_vector.h:113:7:std::_Vector_base<_Tp, _Alloc>::_Tp_alloc_type& std::_Vector_base<_Tp, _Alloc>::_M_get_Tp_allocator() [with _Tp = PAW_Figure; _Alloc = std::allocator<PAW_Figure>]	16	static
stl_construct.h:148:5:void std::_Destroy(_ForwardIterator, _ForwardIterator, std::allocator<_T2>&) [with _ForwardIterator = PAW_Figure*; _Tp = PAW_Figure]	24	static
stl_vector.h:1434:7:void std::vector<_Tp, _Alloc>::_M_erase_at_end(std::vector<_Tp, _Alloc>::pointer) [with _Tp = PAW_Figure; _Alloc = std::allocator<PAW_Figure>]	24	static
move.h:76:5:constexpr _Tp&& std::forward(typename std::remove_reference<_From>::type&) [with _Tp = const PAW_Figure&]	16	static
alloc_traits.h:474:2:) [with _Up = PAW_Figure; _Args = {const PAW_Figure&}; _Tp = PAW_Figure]	24	static
vector.tcc:407:7:) [with _Args = {const PAW_Figure&}; _Tp = PAW_Figure; _Alloc = std::allocator<PAW_Figure>]	40	static
alloc_traits.h:94:19:static _Alloc __gnu_cxx::__alloc_traits<_Alloc>::_S_select_on_copy(const _Alloc&) [with _Alloc = std::allocator<PAW_Primitive*>]	16	static
stl_vector.h:117:7:const _Tp_alloc_type& std::_Vector_base<_Tp, _Alloc>::_M_get_Tp_allocator() const [with _Tp = PAW_Primitive*; _Alloc = std::allocator<PAW_Primitive*>]	16	static
allocator.h:139:7:std::allocator< <template-parameter-1-1> >::~allocator() [with _Tp = PAW_Primitive*]	16	static
stl_vector.h:134:7:std::_Vector_base<_Tp, _Alloc>::_Vector_base(std::size_t, const allocator_type&) [with _Tp = PAW_Primitive*; _Alloc = std::allocator<PAW_Primitive*>]	24	static
stl_vector.h:557:7:std::vector<_Tp, _Alloc>::const_iterator std::vector<_Tp, _Alloc>::begin() const [with _Tp = PAW_Primitive*; _Alloc = std::allocator<PAW_Primitive*>]	24	static
stl_vector.h:575:7:std::vector<_Tp, _Alloc>::const_iterator std::vector<_Tp, _Alloc>::end() const [with _Tp = PAW_Primitive*; _Alloc = std::allocator<PAW_Primitive*>]	24	static
stl_uninitialized.h:279:5:_ForwardIterator std::__uninitialized_copy_a(_InputIterator, _InputIterator, _ForwardIterator, std::allocator<_Tp>&) [with _InputIterator = __gnu_cxx::__normal_iterator<PAW_Primitive* const*, std::vector<PAW_Primitive*> >; _ForwardIterator = PAW_Primitive**; _Tp = PAW_Primitive*]	24	static
stl_vector.h:86:2:std::_Vector_base<_Tp, _Alloc>::_Vector_impl::_Vector_impl() [with _Tp = PAW_Primitive*; _Alloc = std::allocator<PAW_Primitive*>]	16	static
stl_vector.h:174:7:void std::_Vector_base<_Tp, _Alloc>::_M_deallocate(std::_Vector_base<_Tp, _Alloc>::pointer, std::size_t) [with _Tp = PAW_Primitive*; _Alloc = std::allocator<PAW_Primitive*>]	24	static
stl_construct.h:122:5:void std::_Destroy(_ForwardIterator, _ForwardIterator) [with _ForwardIterator = PAW_Primitive**]	16	static
stl_vector.h:1420:7:std::vector<_Tp, _Alloc>::size_type std::vector<_Tp, _Alloc>::_M_check_len(std::vector<_Tp, _Alloc>::size_type, const char*) const [with _Tp = PAW_Primitive*; _Alloc = std::allocator<PAW_Primitive*>]	40	static
stl_vector.h:167:7:std::_Vector_base<_Tp, _Alloc>::pointer std::_Vector_base<_Tp, _Alloc>::_M_allocate(std::size_t) [with _Tp = PAW_Primitive*; _Alloc = std::allocator<PAW_Primitive*>]	16	static
stl_uninitialized.h:297:5:_ForwardIterator std::__uninitialized_move_if_noexcept_a(_InputIterator, _InputIterator, _ForwardIterator, _Allocator&) [with _InputIterator = PAW_Primitive**; _ForwardIterator = PAW_Primitive**; _Allocator = std::allocator<PAW_Primitive*>]	32	static
alloc_traits.h:474:2:) [with _Up = PAW_Primitive*; _Args = {PAW_Primitive*}; _Tp = PAW_Primitive*]	24	static
vector.tcc:407:7:) [with _Args = {PAW_Primitive*}; _Tp = PAW_Primitive*; _Alloc = std::allocator<PAW_Primitive*>]	40	static
stl_vector.h:86:2:std::_Vector_base<_Tp, _Alloc>::_Vector_impl::_Vector_impl() [with _Tp = PAW_Figure; _Alloc = std::allocator<PAW_Figure>]	16	static
stl_vector.h:174:7:void std::_Vector_base<_Tp, _Alloc>::_M_deallocate(std::_Vector_base<_Tp, _Alloc>::pointer, std::size_t) [with _Tp = PAW_Figure; _Alloc = std::allocator<PAW_Figure>]	24	static
stl_construct.h:122:5:void std::_Destroy(_ForwardIterator, _ForwardIterator) [with _ForwardIterator = PAW_Figure*]	16	static
new_allocator.h:119:9:) [with _Up = PAW_Figure; _Args = {const PAW_Figure&}; _Tp = PAW_Figure]	32	static
stl_vector.h:1420:7:std::vector<_Tp, _Alloc>::size_type std::vector<_Tp, _Alloc>::_M_check_len(std::vector<_Tp, _Alloc>::size_type, const char*) const [with _Tp = PAW_Figure; _Alloc = std::allocator<PAW_Figure>]	40	static
stl_vector.h:167:7:std::_Vector_base<_Tp, _Alloc>::pointer std::_Vector_base<_Tp, _Alloc>::_M_allocate(std::size_t) [with _Tp = PAW_Figure; _Alloc = std::allocator<PAW_Figure>]	16	static
stl_uninitialized.h:297:5:_ForwardIterator std::__uninitialized_move_if_noexcept_a(_InputIterator, _InputIterator, _ForwardIterator, _Allocator&) [with _InputIterator = PAW_Figure*; _ForwardIterator = PAW_Figure*; _Allocator = std::allocator<PAW_Figure>]	32	static
alloc_traits.h:504:7:static std::allocator_traits<std::allocator<_CharT> >::allocator_type std::allocator_traits<std::allocator<_CharT> >::select_on_container_copy_construction(const allocator_type&) [with _Tp = PAW_Primitive*]	16	static
allocator.h:133:7:std::allocator< <template-parameter-1-1> >::allocator(const std::allocator< <template-parameter-1-1> >&) [with _Tp = PAW_Primitive*]	16	static
new_allocator.h:86:7:__gnu_cxx::new_allocator<_Tp>::~new_allocator() [with _Tp = PAW_Primitive*]	16	static
stl_vector.h:90:2:std::_Vector_base<_Tp, _Alloc>::_Vector_impl::_Vector_impl(const _Tp_alloc_type&) [with _Tp = PAW_Primitive*; _Alloc = std::allocator<PAW_Primitive*>]	16	static
stl_vector.h:183:7:void std::_Vector_base<_Tp, _Alloc>::_M_create_storage(std::size_t) [with _Tp = PAW_Primitive*; _Alloc = std::allocator<PAW_Primitive*>]	16	static
stl_iterator.h:776:7:__gnu_cxx::__normal_iterator<_Iterator, _Container>::__normal_iterator(const _Iterator&) [with _Iterator = PAW_Primitive* const*; _Container = std::vector<PAW_Primitive*>]	16	static
stl_uninitialized.h:107:5:_ForwardIterator std::uninitialized_copy(_InputIterator, _InputIterator, _ForwardIterator) [with _InputIterator = __gnu_cxx::__normal_iterator<PAW_Primitive* const*, std::vector<PAW_Primitive*> >; _ForwardIterator = PAW_Primitive**]	32	static
allocator.h:131:7:std::allocator< <template-parameter-1-1> >::allocator() [with _Tp = PAW_Primitive*]	16	static
alloc_traits.h:461:7:static void std::allocator_traits<std::allocator<_CharT> >::deallocate(std::allocator_traits<std::allocator<_CharT> >::allocator_type&, std::allocator_traits<std::allocator<_CharT> >::pointer, std::allocator_traits<std::allocator<_CharT> >::size_type) [with _Tp = PAW_Primitive*]	24	static
stl_construct.h:112:9:static void std::_Destroy_aux<true>::__destroy(_ForwardIterator, _ForwardIterator) [with _ForwardIterator = PAW_Primitive**]	16	static
stl_vector.h:660:7:std::vector<_Tp, _Alloc>::size_type std::vector<_Tp, _Alloc>::max_size() const [with _Tp = PAW_Primitive*; _Alloc = std::allocator<PAW_Primitive*>]	16	static
stl_algobase.h:219:5:const _Tp& std::max(const _Tp&, const _Tp&) [with _Tp = unsigned int]	16	static
alloc_traits.h:435:7:static _Tp* std::allocator_traits<std::allocator<_CharT> >::allocate(std::allocator_traits<std::allocator<_CharT> >::allocator_type&, std::allocator_traits<std::allocator<_CharT> >::size_type) [with _Tp = PAW_Primitive*]	16	static
stl_iterator.h:1223:5:_ReturnType std::__make_move_if_noexcept_iterator(_Tp*) [with _Tp = PAW_Primitive*; _ReturnType = std::move_iterator<PAW_Primitive**>]	24	static
stl_uninitialized.h:279:5:_ForwardIterator std::__uninitialized_copy_a(_InputIterator, _InputIterator, _ForwardIterator, std::allocator<_Tp>&) [with _InputIterator = std::move_iterator<PAW_Primitive**>; _ForwardIterator = PAW_Primitive**; _Tp = PAW_Primitive*]	24	static
new_allocator.h:119:9:) [with _Up = PAW_Primitive*; _Args = {PAW_Primitive*}; _Tp = PAW_Primitive*]	32	static
allocator.h:131:7:std::allocator< <template-parameter-1-1> >::allocator() [with _Tp = PAW_Figure]	16	static
alloc_traits.h:461:7:static void std::allocator_traits<std::allocator<_CharT> >::deallocate(std::allocator_traits<std::allocator<_CharT> >::allocator_type&, std::allocator_traits<std::allocator<_CharT> >::pointer, std::allocator_traits<std::allocator<_CharT> >::size_type) [with _Tp = PAW_Figure]	24	static
stl_construct.h:100:9:static void std::_Destroy_aux<<anonymous> >::__destroy(_ForwardIterator, _ForwardIterator) [with _ForwardIterator = PAW_Figure*; bool <anonymous> = false]	16	static
stl_vector.h:660:7:std::vector<_Tp, _Alloc>::size_type std::vector<_Tp, _Alloc>::max_size() const [with _Tp = PAW_Figure; _Alloc = std::allocator<PAW_Figure>]	16	static
alloc_traits.h:435:7:static _Tp* std::allocator_traits<std::allocator<_CharT> >::allocate(std::allocator_traits<std::allocator<_CharT> >::allocator_type&, std::allocator_traits<std::allocator<_CharT> >::size_type) [with _Tp = PAW_Figure]	16	static
stl_iterator.h:1223:5:_ReturnType std::__make_move_if_noexcept_iterator(_Tp*) [with _Tp = PAW_Figure; _ReturnType = std::move_iterator<PAW_Figure*>]	24	static
stl_uninitialized.h:279:5:_ForwardIterator std::__uninitialized_copy_a(_InputIterator, _InputIterator, _ForwardIterator, std::allocator<_Tp>&) [with _InputIterator = std::move_iterator<PAW_Figure*>; _ForwardIterator = PAW_Figure*; _Tp = PAW_Figure]	24	static
new_allocator.h:81:7:__gnu_cxx::new_allocator<_Tp>::new_allocator(const __gnu_cxx::new_allocator<_Tp>&) [with _Tp = PAW_Primitive*]	16	static
stl_uninitialized.h:91:9:static _ForwardIterator std::__uninitialized_copy<true>::__uninit_copy(_InputIterator, _InputIterator, _ForwardIterator) [with _InputIterator = __gnu_cxx::__normal_iterator<PAW_Primitive* const*, std::vector<PAW_Primitive*> >; _ForwardIterator = PAW_Primitive**]	24	static
new_allocator.h:79:7:__gnu_cxx::new_allocator<_Tp>::new_allocator() [with _Tp = PAW_Primitive*]	16	static
new_allocator.h:109:7:void __gnu_cxx::new_allocator<_Tp>::deallocate(__gnu_cxx::new_allocator<_Tp>::pointer, __gnu_cxx::new_allocator<_Tp>::size_type) [with _Tp = PAW_Primitive*]	24	static
alloc_traits.h:495:7:static std::allocator_traits<std::allocator<_CharT> >::size_type std::allocator_traits<std::allocator<_CharT> >::max_size(const allocator_type&) [with _Tp = PAW_Primitive*]	16	static
new_allocator.h:99:7:_Tp* __gnu_cxx::new_allocator<_Tp>::allocate(__gnu_cxx::new_allocator<_Tp>::size_type, const void*) [with _Tp = PAW_Primitive*]	24	static
stl_iterator.h:1032:7:std::move_iterator<_Iterator>::move_iterator(std::move_iterator<_Iterator>::iterator_type) [with _Iterator = PAW_Primitive**]	16	static
stl_uninitialized.h:107:5:_ForwardIterator std::uninitialized_copy(_InputIterator, _InputIterator, _ForwardIterator) [with _InputIterator = std::move_iterator<PAW_Primitive**>; _ForwardIterator = PAW_Primitive**]	32	static
new_allocator.h:79:7:__gnu_cxx::new_allocator<_Tp>::new_allocator() [with _Tp = PAW_Figure]	16	static
new_allocator.h:109:7:void __gnu_cxx::new_allocator<_Tp>::deallocate(__gnu_cxx::new_allocator<_Tp>::pointer, __gnu_cxx::new_allocator<_Tp>::size_type) [with _Tp = PAW_Figure]	24	static
move.h:47:5:_Tp* std::__addressof(_Tp&) [with _Tp = PAW_Figure]	16	static
stl_construct.h:92:5:void std::_Destroy(_Tp*) [with _Tp = PAW_Figure]	16	static
alloc_traits.h:495:7:static std::allocator_traits<std::allocator<_CharT> >::size_type std::allocator_traits<std::allocator<_CharT> >::max_size(const allocator_type&) [with _Tp = PAW_Figure]	16	static
stl_vector.h:117:7:const _Tp_alloc_type& std::_Vector_base<_Tp, _Alloc>::_M_get_Tp_allocator() const [with _Tp = PAW_Figure; _Alloc = std::allocator<PAW_Figure>]	16	static
new_allocator.h:99:7:_Tp* __gnu_cxx::new_allocator<_Tp>::allocate(__gnu_cxx::new_allocator<_Tp>::size_type, const void*) [with _Tp = PAW_Figure]	24	static
stl_iterator.h:1032:7:std::move_iterator<_Iterator>::move_iterator(std::move_iterator<_Iterator>::iterator_type) [with _Iterator = PAW_Figure*]	16	static
stl_uninitialized.h:107:5:_ForwardIterator std::uninitialized_copy(_InputIterator, _InputIterator, _ForwardIterator) [with _InputIterator = std::move_iterator<PAW_Figure*>; _ForwardIterator = PAW_Figure*]	32	static
stl_algobase.h:446:5:_OI std::copy(_II, _II, _OI) [with _II = __gnu_cxx::__normal_iterator<PAW_Primitive* const*, std::vector<PAW_Primitive*> >; _OI = PAW_Primitive**]	32	static
new_allocator.h:113:7:__gnu_cxx::new_allocator<_Tp>::size_type __gnu_cxx::new_allocator<_Tp>::max_size() const [with _Tp = PAW_Primitive*]	16	static
stl_uninitialized.h:91:9:static _ForwardIterator std::__uninitialized_copy<true>::__uninit_copy(_InputIterator, _InputIterator, _ForwardIterator) [with _InputIterator = std::move_iterator<PAW_Primitive**>; _ForwardIterator = PAW_Primitive**]	24	static
new_allocator.h:113:7:__gnu_cxx::new_allocator<_Tp>::size_type __gnu_cxx::new_allocator<_Tp>::max_size() const [with _Tp = PAW_Figure]	16	static
stl_uninitialized.h:68:9:static _ForwardIterator std::__uninitialized_copy<_TrivialValueTypes>::__uninit_copy(_InputIterator, _InputIterator, _ForwardIterator) [with _InputIterator = std::move_iterator<PAW_Figure*>; _ForwardIterator = PAW_Figure*; bool _TrivialValueTypes = false]	40	static
cpp_type_traits.h:408:5:_Iterator std::__miter_base(_Iterator) [with _Iterator = __gnu_cxx::__normal_iterator<PAW_Primitive* const*, std::vector<PAW_Primitive*> >]	16	static
stl_algobase.h:420:5:_OI std::__copy_move_a2(_II, _II, _OI) [with bool _IsMove = false; _II = __gnu_cxx::__normal_iterator<PAW_Primitive* const*, std::vector<PAW_Primitive*> >; _OI = PAW_Primitive**]	32	static
stl_algobase.h:446:5:_OI std::copy(_II, _II, _OI) [with _II = std::move_iterator<PAW_Primitive**>; _OI = PAW_Primitive**]	32	static
stl_iterator.h:1131:5:bool std::operator!=(const std::move_iterator<_IteratorL>&, const std::move_iterator<_IteratorL>&) [with _Iterator = PAW_Figure*]	16	static
stl_iterator.h:1052:7:std::move_iterator<_Iterator>& std::move_iterator<_Iterator>::operator++() [with _Iterator = PAW_Figure*]	16	static
stl_iterator.h:1044:7:std::move_iterator<_Iterator>::reference std::move_iterator<_Iterator>::operator*() const [with _Iterator = PAW_Figure*]	16	static
move.h:76:5:constexpr _Tp&& std::forward(typename std::remove_reference<_From>::type&) [with _Tp = PAW_Figure]	16	static
PAW_Figure.h:6:7:PAW_Figure::PAW_Figure(PAW_Figure&&)	16	static
stl_construct.h:74:5:) [with _T1 = PAW_Figure; _Args = {PAW_Figure}]	24	static
stl_iterator.h:980:5:_Iterator std::__niter_base(__gnu_cxx::__normal_iterator<_Iterator, _Container>) [with _Iterator = PAW_Primitive* const*; _Container = std::vector<PAW_Primitive*>]	16	static
stl_algobase.h:277:5:_Iterator std::__niter_base(_Iterator) [with _Iterator = PAW_Primitive**]	16	static
stl_algobase.h:375:5:_OI std::__copy_move_a(_II, _II, _OI) [with bool _IsMove = false; _II = PAW_Primitive* const*; _OI = PAW_Primitive**]	32	static
stl_iterator.h:1243:5:base())) std::__miter_base(std::move_iterator<_IteratorL>) [with _Iterator = PAW_Primitive**]	16	static
stl_algobase.h:420:5:_OI std::__copy_move_a2(_II, _II, _OI) [with bool _IsMove = true; _II = PAW_Primitive**; _OI = PAW_Primitive**]	32	static
stl_iterator.h:1119:5:bool std::operator==(const std::move_iterator<_IteratorL>&, const std::move_iterator<_IteratorL>&) [with _Iterator = PAW_Figure*]	24	static
move.h:101:5:constexpr typename std::remove_reference< <template-parameter-1-1> >::type&& std::move(_Tp&&) [with _Tp = std::vector<PAW_Primitive*>&]	16	static
stl_vector.h:337:7:std::vector<_Tp, _Alloc>::vector(std::vector<_Tp, _Alloc>&&) [with _Tp = PAW_Primitive*; _Alloc = std::allocator<PAW_Primitive*>]	24	static
stl_iterator.h:841:7:const _Iterator& __gnu_cxx::__normal_iterator<_Iterator, _Container>::base() const [with _Iterator = PAW_Primitive* const*; _Container = std::vector<PAW_Primitive*>]	16	static
stl_algobase.h:357:9:static _Tp* std::__copy_move<_IsMove, true, std::random_access_iterator_tag>::__copy_m(const _Tp*, const _Tp*, _Tp*) [with _Tp = PAW_Primitive*; bool _IsMove = false]	32	static
stl_iterator.h:1040:7:std::move_iterator<_Iterator>::iterator_type std::move_iterator<_Iterator>::base() const [with _Iterator = PAW_Primitive**]	16	static
cpp_type_traits.h:408:5:_Iterator std::__miter_base(_Iterator) [with _Iterator = PAW_Primitive**]	16	static
stl_algobase.h:375:5:_OI std::__copy_move_a(_II, _II, _OI) [with bool _IsMove = true; _II = PAW_Primitive**; _OI = PAW_Primitive**]	32	static
stl_iterator.h:1040:7:std::move_iterator<_Iterator>::iterator_type std::move_iterator<_Iterator>::base() const [with _Iterator = PAW_Figure*]	16	static
move.h:101:5:constexpr typename std::remove_reference< <template-parameter-1-1> >::type&& std::move(_Tp&&) [with _Tp = std::allocator<PAW_Primitive*>&]	16	static
stl_vector.h:142:7:std::_Vector_base<_Tp, _Alloc>::_Vector_base(std::_Vector_base<_Tp, _Alloc>&&) [with _Tp = PAW_Primitive*; _Alloc = std::allocator<PAW_Primitive*>]	24	static
stl_algobase.h:357:9:static _Tp* std::__copy_move<_IsMove, true, std::random_access_iterator_tag>::__copy_m(const _Tp*, const _Tp*, _Tp*) [with _Tp = PAW_Primitive*; bool _IsMove = true]	32	static
stl_vector.h:95:2:std::_Vector_base<_Tp, _Alloc>::_Vector_impl::_Vector_impl(std::_Vector_base<_Tp, _Alloc>::_Tp_alloc_type&&) [with _Tp = PAW_Primitive*; _Alloc = std::allocator<PAW_Primitive*>]	16	static
stl_vector.h:101:7:void std::_Vector_base<_Tp, _Alloc>::_Vector_impl::_M_swap_data(std::_Vector_base<_Tp, _Alloc>::_Vector_impl&) [with _Tp = PAW_Primitive*; _Alloc = std::allocator<PAW_Primitive*>]	16	static
move.h:101:5:constexpr typename std::remove_reference< <template-parameter-1-1> >::type&& std::move(_Tp&&) [with _Tp = PAW_Primitive**&]	16	static
move.h:179:5:typename std::enable_if<std::__and_<std::is_move_constructible<_Tp>, std::is_move_assignable<_Tp> >::value>::type std::swap(_Tp&, _Tp&) [with _Tp = PAW_Primitive**]	24	static
main.cpp:839:1:void __static_initialization_and_destruction_0(int, int)	16	static
main.cpp:839:1:cpp)	8	static
