stm32f4xx_hal_msp.c:44:6:HAL_MspInit	8	static
stm32f4xx_hal_msp.c:73:6:HAL_DMA2D_MspInit	24	static
stm32f4xx_hal_msp.c:90:6:HAL_DMA2D_MspDeInit	16	static
stm32f4xx_hal_msp.c:107:6:HAL_I2C_MspInit	40	static
stm32f4xx_hal_msp.c:144:6:HAL_I2C_MspDeInit	16	static
stm32f4xx_hal_msp.c:170:6:HAL_LTDC_MspInit	40	static
stm32f4xx_hal_msp.c:270:6:HAL_LTDC_MspDeInit	16	static
stm32f4xx_hal_msp.c:327:6:HAL_SPI_MspInit	40	static
stm32f4xx_hal_msp.c:358:6:HAL_SPI_MspDeInit	16	static
stm32f4xx_hal_msp.c:385:13:HAL_FMC_MspInit	32	static
stm32f4xx_hal_msp.c:490:6:HAL_SDRAM_MspInit	16	static
stm32f4xx_hal_msp.c:502:13:HAL_FMC_MspDeInit	8	static
stm32f4xx_hal_msp.c:576:6:HAL_SDRAM_MspDeInit	16	static
