stm32f429i_discovery_lcd.c:156:9:BSP_LCD_Init	8	static
stm32f429i_discovery_lcd.c:239:10:BSP_LCD_GetXSize	8	static
stm32f429i_discovery_lcd.c:248:10:BSP_LCD_GetYSize	8	static
stm32f429i_discovery_lcd.c:258:6:BSP_LCD_LayerDefaultInit	72	static
stm32f429i_discovery_lcd.c:293:6:BSP_LCD_SelectLayer	16	static
stm32f429i_discovery_lcd.c:304:6:BSP_LCD_SetLayerVisible	16	static
stm32f429i_discovery_lcd.c:326:6:BSP_LCD_SetLayerVisible_NoReload	16	static
stm32f429i_discovery_lcd.c:345:6:BSP_LCD_SetTransparency	16	static
stm32f429i_discovery_lcd.c:357:6:BSP_LCD_SetTransparency_NoReload	16	static
stm32f429i_discovery_lcd.c:367:6:BSP_LCD_SetLayerAddress	16	static
stm32f429i_discovery_lcd.c:378:6:BSP_LCD_SetLayerAddress_NoReload	16	static
stm32f429i_discovery_lcd.c:391:6:BSP_LCD_SetLayerWindow	24	static
stm32f429i_discovery_lcd.c:409:6:BSP_LCD_SetLayerWindow_NoReload	24	static
stm32f429i_discovery_lcd.c:423:6:BSP_LCD_SetColorKeying	16	static
stm32f429i_discovery_lcd.c:436:6:BSP_LCD_SetColorKeying_NoReload	16	static
stm32f429i_discovery_lcd.c:447:6:BSP_LCD_ResetColorKeying	16	static
stm32f429i_discovery_lcd.c:458:6:BSP_LCD_ResetColorKeying_NoReload	16	static
stm32f429i_discovery_lcd.c:471:6:BSP_LCD_Relaod	16	static
stm32f429i_discovery_lcd.c:480:10:BSP_LCD_GetTextColor	4	static
stm32f429i_discovery_lcd.c:489:10:BSP_LCD_GetBackColor	4	static
stm32f429i_discovery_lcd.c:498:6:BSP_LCD_SetTextColor	16	static
stm32f429i_discovery_lcd.c:507:6:BSP_LCD_SetBackColor	16	static
stm32f429i_discovery_lcd.c:516:6:BSP_LCD_SetFont	16	static
stm32f429i_discovery_lcd.c:525:8:BSP_LCD_GetFont	4	static
stm32f429i_discovery_lcd.c:536:10:BSP_LCD_ReadPixel	32	static
stm32f429i_discovery_lcd.c:570:6:BSP_LCD_Clear	40	static
stm32f429i_discovery_lcd.c:580:6:BSP_LCD_ClearStringLine	32	static
stm32f429i_discovery_lcd.c:598:6:BSP_LCD_DisplayChar	24	static
stm32f429i_discovery_lcd.c:615:6:BSP_LCD_DisplayStringAt	48	static
stm32f429i_discovery_lcd.c:669:6:BSP_LCD_DisplayStringAtLine	16	static
stm32f429i_discovery_lcd.c:680:6:BSP_LCD_DrawHLine	40	static
stm32f429i_discovery_lcd.c:697:6:BSP_LCD_DrawVLine	48	static
stm32f429i_discovery_lcd.c:715:6:BSP_LCD_DrawLine	56	static
stm32f429i_discovery_lcd.c:789:6:BSP_LCD_DrawRect	24	static
stm32f429i_discovery_lcd.c:806:6:BSP_LCD_DrawCircle	40	static
stm32f429i_discovery_lcd.c:845:6:BSP_LCD_DrawPolygon	32	static
stm32f429i_discovery_lcd.c:872:6:BSP_LCD_DrawEllipse	72	static
stm32f429i_discovery_lcd.c:904:6:BSP_LCD_DrawBitmap	56	static
stm32f429i_discovery_lcd.c:964:6:BSP_LCD_FillRect	48	static
stm32f429i_discovery_lcd.c:984:6:BSP_LCD_FillCircle	32	static
stm32f429i_discovery_lcd.c:1035:6:BSP_LCD_FillTriangle	56	static
stm32f429i_discovery_lcd.c:1108:6:BSP_LCD_FillPolygon	64	static
stm32f429i_discovery_lcd.c:1176:6:BSP_LCD_FillEllipse	64	static
stm32f429i_discovery_lcd.c:1204:6:BSP_LCD_DisplayOn	8	static
stm32f429i_discovery_lcd.c:1215:6:BSP_LCD_DisplayOff	8	static
stm32f429i_discovery_lcd.c:1230:13:MspInit	64	static
stm32f429i_discovery_lcd.c:1314:6:BSP_LCD_DrawPixel	24	static
stm32f429i_discovery_lcd.c:1326:13:DrawChar	40	static
stm32f429i_discovery_lcd.c:1383:13:FillBuffer	32	static
stm32f429i_discovery_lcd.c:1414:13:ConvertLineToARGB8888	32	static
