stm32f429i_discovery_sdram.c:100:6:BSP_SDRAM_Init	8	static
stm32f429i_discovery_sdram.c:149:6:BSP_SDRAM_Initialization_sequence	24	static
stm32f429i_discovery_sdram.c:210:6:BSP_SDRAM_ReadData	24	static
stm32f429i_discovery_sdram.c:221:6:BSP_SDRAM_ReadData_DMA	24	static
stm32f429i_discovery_sdram.c:232:6:BSP_SDRAM_WriteData	24	static
stm32f429i_discovery_sdram.c:247:6:BSP_SDRAM_WriteData_DMA	24	static
stm32f429i_discovery_sdram.c:257:19:BSP_SDRAM_Sendcmd	16	static
stm32f429i_discovery_sdram.c:265:6:BSP_SDRAM_DMA_IRQHandler	8	static
stm32f429i_discovery_sdram.c:273:13:MspInit	64	static
